To honour the JVM settings for this build a single-use Daemon process will be forked. For more on this, please refer to https://docs.gradle.org/8.13/userguide/gradle_daemon.html#sec:disabling_the_daemon in the Gradle documentation.
Daemon will be stopped at the end of the build 
> Task :core:module-host:preBuild UP-TO-DATE
> Task :core:update:preBuild UP-TO-DATE
> Task :core:security:preBuild UP-TO-DATE
> Task :core:modulestore:preBuild UP-TO-DATE
> Task :module-store:feature:tools:vpn:preBuild UP-TO-DATE
> Task :module-store:feature:games:games:game2048:preBuild UP-TO-DATE
> Task :module-store:feature:games:games:hall:preBuild UP-TO-DATE
> Task :core:common:preBuild UP-TO-DATE
> Task :module-store:feature:tools:ai:preBuild UP-TO-DATE
> Task :module-store:feature:tools:tools:preBuild UP-TO-DATE
> Task :core:network:preBuild UP-TO-DATE
> Task :module-store:feature:games:games:klotski:preBuild UP-TO-DATE
> Task :core:moduleloader:preBuild UP-TO-DATE
> Task :module-store:feature:games:games:preBuild UP-TO-DATE
> Task :module-store:feature:games:games:chinesechess:preBuild UP-TO-DATE
> Task :module-store:feature:tools:browser:preBuild UP-TO-DATE
> Task :core:online:preBuild UP-TO-DATE
> Task :core:moduleloader:preDebugBuild UP-TO-DATE
> Task :core:modulestore:preDebugBuild UP-TO-DATE
> Task :core:module-host:preDebugBuild UP-TO-DATE
> Task :module-store:feature:games:games:game2048:preDebugBuild UP-TO-DATE
> Task :core:common:preDebugBuild UP-TO-DATE
> Task :module-store:feature:tools:ai:preDebugBuild UP-TO-DATE
> Task :core:online:preDebugBuild UP-TO-DATE
> Task :module-store:feature:tools:tools:preDebugBuild UP-TO-DATE
> Task :module-store:feature:tools:browser:preDebugBuild UP-TO-DATE
> Task :module-store:feature:games:games:preDebugBuild UP-TO-DATE
> Task :module-store:feature:tools:vpn:preDebugBuild UP-TO-DATE
> Task :module-store:feature:games:games:hall:preDebugBuild UP-TO-DATE
> Task :core:update:preDebugBuild UP-TO-DATE
> Task :core:security:preDebugBuild UP-TO-DATE
> Task :module-store:feature:games:games:klotski:preDebugBuild UP-TO-DATE
> Task :module-store:feature:games:games:chinesechess:preDebugBuild UP-TO-DATE
> Task :core:network:preDebugBuild UP-TO-DATE
> Task :module-store:feature:games:games:game2048:mergeDebugNativeDebugMetadata NO-SOURCE
> Task :module-store:feature:games:games:hall:mergeDebugNativeDebugMetadata NO-SOURCE
> Task :module-store:feature:tools:ai:mergeDebugNativeDebugMetadata NO-SOURCE
> Task :module-store:feature:games:games:chinesechess:mergeDebugNativeDebugMetadata NO-SOURCE
> Task :module-store:feature:tools:vpn:mergeDebugNativeDebugMetadata NO-SOURCE
> Task :module-store:feature:tools:tools:mergeDebugNativeDebugMetadata NO-SOURCE
> Task :module-store:feature:tools:browser:mergeDebugNativeDebugMetadata NO-SOURCE
> Task :module-store:feature:games:games:klotski:mergeDebugNativeDebugMetadata NO-SOURCE
> Task :module-store:feature:tools:vpn:checkKotlinGradlePluginConfigurationErrors SKIPPED
> Task :module-store:feature:tools:tools:checkKotlinGradlePluginConfigurationErrors SKIPPED
> Task :module-store:feature:tools:browser:checkKotlinGradlePluginConfigurationErrors SKIPPED
> Task :module-store:feature:games:games:hall:checkKotlinGradlePluginConfigurationErrors SKIPPED
> Task :module-store:feature:tools:ai:checkKotlinGradlePluginConfigurationErrors SKIPPED
> Task :core:security:generateDebugResValues UP-TO-DATE
> Task :core:network:generateDebugResValues UP-TO-DATE
> Task :app:generateBundledVersionJson UP-TO-DATE
> Task :module-store:feature:games:games:generateDebugResValues UP-TO-DATE
> Task :core:moduleloader:generateDebugResValues UP-TO-DATE
> Task :core:module-host:generateDebugResValues UP-TO-DATE
> Task :module-store:feature:games:games:klotski:javaPreCompileDebug UP-TO-DATE
> Task :core:update:generateDebugResValues UP-TO-DATE
> Task :core:modulestore:generateDebugResValues UP-TO-DATE
> Task :module-store:feature:games:games:chinesechess:javaPreCompileDebug UP-TO-DATE
> Task :core:common:generateDebugResValues UP-TO-DATE
> Task :module-store:feature:games:games:game2048:javaPreCompileDebug UP-TO-DATE
> Task :module-store:feature:tools:browser:checkDebugAarMetadata UP-TO-DATE
> Task :app:preBuild UP-TO-DATE
> Task :app:preDebugBuild UP-TO-DATE
> Task :module-store:feature:games:games:chinesechess:checkDebugAarMetadata UP-TO-DATE
> Task :app:mergeDebugNativeDebugMetadata NO-SOURCE
> Task :app:checkKotlinGradlePluginConfigurationErrors SKIPPED
> Task :core:modulestore:generateDebugResources UP-TO-DATE
> Task :core:module-host:generateDebugResources UP-TO-DATE
> Task :core:security:generateDebugResources UP-TO-DATE
> Task :core:network:generateDebugResources UP-TO-DATE
> Task :module-store:feature:games:games:klotski:checkDebugAarMetadata UP-TO-DATE
> Task :module-store:feature:games:games:game2048:checkDebugAarMetadata UP-TO-DATE
> Task :core:moduleloader:generateDebugResources UP-TO-DATE
> Task :core:common:generateDebugResources UP-TO-DATE
> Task :module-store:feature:tools:browser:processDebugNavigationResources UP-TO-DATE
> Task :core:update:generateDebugResources UP-TO-DATE
> Task :module-store:feature:games:games:klotski:processDebugNavigationResources UP-TO-DATE
> Task :module-store:feature:tools:vpn:checkDebugAarMetadata UP-TO-DATE
> Task :module-store:feature:games:games:chinesechess:processDebugNavigationResources UP-TO-DATE
> Task :module-store:feature:games:games:chinesechess:generateDebugResValues UP-TO-DATE
> Task :module-store:feature:tools:vpn:processDebugNavigationResources UP-TO-DATE
> Task :module-store:feature:tools:ai:checkDebugAarMetadata UP-TO-DATE
> Task :module-store:feature:games:games:klotski:generateDebugResValues UP-TO-DATE
> Task :module-store:feature:games:games:game2048:processDebugNavigationResources UP-TO-DATE
> Task :module-store:feature:tools:tools:checkDebugAarMetadata UP-TO-DATE
> Task :module-store:feature:tools:vpn:generateDebugResValues UP-TO-DATE
> Task :module-store:feature:games:games:chinesechess:mapDebugSourceSetPaths UP-TO-DATE
> Task :module-store:feature:tools:browser:compileDebugNavigationResources UP-TO-DATE
> Task :module-store:feature:tools:ai:processDebugNavigationResources UP-TO-DATE
> Task :module-store:feature:games:games:klotski:mapDebugSourceSetPaths UP-TO-DATE
> Task :core:network:packageDebugResources UP-TO-DATE
> Task :core:moduleloader:packageDebugResources UP-TO-DATE
> Task :core:update:packageDebugResources UP-TO-DATE
> Task :core:security:packageDebugResources UP-TO-DATE
> Task :module-store:feature:games:games:hall:checkDebugAarMetadata UP-TO-DATE
> Task :module-store:feature:tools:vpn:mapDebugSourceSetPaths UP-TO-DATE
> Task :module-store:feature:games:games:game2048:generateDebugResValues UP-TO-DATE
> Task :module-store:feature:tools:tools:processDebugNavigationResources UP-TO-DATE
> Task :core:common:packageDebugResources UP-TO-DATE
> Task :module-store:feature:games:games:chinesechess:generateDebugResources UP-TO-DATE
> Task :core:modulestore:packageDebugResources UP-TO-DATE
> Task :core:module-host:packageDebugResources UP-TO-DATE
> Task :module-store:feature:tools:vpn:compileDebugNavigationResources UP-TO-DATE
> Task :module-store:feature:tools:ai:compileDebugNavigationResources UP-TO-DATE
> Task :module-store:feature:games:games:klotski:compileDebugNavigationResources UP-TO-DATE
> Task :module-store:feature:games:games:hall:processDebugNavigationResources UP-TO-DATE
> Task :module-store:feature:tools:browser:generateDebugResValues UP-TO-DATE
> Task :core:security:processDebugNavigationResources UP-TO-DATE
> Task :core:moduleloader:processDebugNavigationResources UP-TO-DATE
> Task :core:update:processDebugNavigationResources UP-TO-DATE
> Task :module-store:feature:games:games:generateDebugResources UP-TO-DATE
> Task :module-store:feature:games:games:chinesechess:compileDebugNavigationResources UP-TO-DATE
> Task :core:modulestore:processDebugNavigationResources UP-TO-DATE
> Task :module-store:feature:tools:vpn:generateDebugResources UP-TO-DATE
> Task :core:network:processDebugNavigationResources UP-TO-DATE
> Task :module-store:feature:tools:tools:compileDebugNavigationResources UP-TO-DATE
> Task :module-store:feature:games:games:game2048:compileDebugNavigationResources UP-TO-DATE
> Task :core:common:processDebugNavigationResources UP-TO-DATE
> Task :core:module-host:processDebugNavigationResources UP-TO-DATE
> Task :module-store:feature:games:games:klotski:generateDebugResources UP-TO-DATE
> Task :module-store:feature:tools:browser:mapDebugSourceSetPaths UP-TO-DATE
> Task :module-store:feature:games:games:hall:compileDebugNavigationResources UP-TO-DATE
> Task :module-store:feature:tools:ai:generateDebugResValues UP-TO-DATE
> Task :module-store:feature:tools:tools:generateDebugResValues UP-TO-DATE
> Task :module-store:feature:games:games:game2048:mapDebugSourceSetPaths UP-TO-DATE
> Task :module-store:feature:tools:browser:generateDebugResources UP-TO-DATE
> Task :module-store:feature:games:games:hall:generateDebugResValues UP-TO-DATE
> Task :module-store:feature:games:games:chinesechess:mergeDebugResources UP-TO-DATE
> Task :module-store:feature:tools:vpn:mergeDebugResources UP-TO-DATE
> Task :module-store:feature:tools:ai:mapDebugSourceSetPaths UP-TO-DATE
> Task :module-store:feature:games:games:hall:mapDebugSourceSetPaths UP-TO-DATE
> Task :module-store:feature:games:games:game2048:generateDebugResources UP-TO-DATE
> Task :module-store:feature:tools:tools:mapDebugSourceSetPaths UP-TO-DATE
> Task :module-store:feature:games:games:klotski:mergeDebugResources UP-TO-DATE
> Task :module-store:feature:tools:ai:generateDebugResources UP-TO-DATE
> Task :module-store:feature:games:games:hall:generateDebugResources UP-TO-DATE
> Task :core:moduleloader:parseDebugLocalResources UP-TO-DATE
> Task :module-store:feature:tools:vpn:packageDebugResources UP-TO-DATE
> Task :module-store:feature:tools:browser:mergeDebugResources UP-TO-DATE
> Task :module-store:feature:games:games:game2048:mergeDebugResources UP-TO-DATE
> Task :module-store:feature:games:games:chinesechess:packageDebugResources UP-TO-DATE
> Task :module-store:feature:games:games:klotski:packageDebugResources UP-TO-DATE
> Task :core:security:parseDebugLocalResources UP-TO-DATE
> Task :core:moduleloader:generateDebugRFile UP-TO-DATE
> Task :module-store:feature:tools:ai:mergeDebugResources UP-TO-DATE
> Task :module-store:feature:games:games:game2048:packageDebugResources UP-TO-DATE
> Task :module-store:feature:tools:browser:packageDebugResources UP-TO-DATE
> Task :core:moduleloader:writeDebugAarMetadata UP-TO-DATE
> Task :core:security:generateDebugRFile UP-TO-DATE
> Task :core:common:parseDebugLocalResources UP-TO-DATE
> Task :core:moduleloader:extractDeepLinksDebug UP-TO-DATE
> Task :core:security:writeDebugAarMetadata UP-TO-DATE
> Task :module-store:feature:tools:ai:packageDebugResources UP-TO-DATE
> Task :module-store:feature:tools:tools:generateDebugResources UP-TO-DATE
> Task :core:network:parseDebugLocalResources UP-TO-DATE
> Task :core:common:generateDebugRFile UP-TO-DATE
> Task :module-store:feature:games:games:packageDebugResources UP-TO-DATE
> Task :core:security:extractDeepLinksDebug UP-TO-DATE
> Task :core:common:writeDebugAarMetadata UP-TO-DATE
> Task :module-store:feature:games:games:processDebugNavigationResources UP-TO-DATE
> Task :core:moduleloader:processDebugManifest UP-TO-DATE
> Task :module-store:feature:games:games:hall:mergeDebugResources UP-TO-DATE
> Task :core:network:generateDebugRFile UP-TO-DATE
> Task :module-store:feature:tools:browser:parseDebugLocalResources UP-TO-DATE
> Task :core:common:extractDeepLinksDebug UP-TO-DATE
> Task :core:moduleloader:compileDebugLibraryResources UP-TO-DATE
> Task :core:moduleloader:checkKotlinGradlePluginConfigurationErrors SKIPPED
> Task :core:network:writeDebugAarMetadata UP-TO-DATE
> Task :module-store:feature:tools:browser:createDebugCompatibleScreenManifests UP-TO-DATE
> Task :core:security:processDebugManifest UP-TO-DATE
> Task :core:modulestore:parseDebugLocalResources UP-TO-DATE
> Task :module-store:feature:games:games:hall:packageDebugResources UP-TO-DATE
> Task :core:moduleloader:javaPreCompileDebug UP-TO-DATE
> Task :core:network:extractDeepLinksDebug UP-TO-DATE
> Task :module-store:feature:tools:tools:mergeDebugResources UP-TO-DATE
> Task :core:security:compileDebugLibraryResources UP-TO-DATE
> Task :core:common:processDebugManifest UP-TO-DATE
> Task :core:security:checkKotlinGradlePluginConfigurationErrors SKIPPED
> Task :module-store:feature:tools:browser:extractDeepLinksDebug UP-TO-DATE
> Task :core:moduleloader:mergeDebugShaders UP-TO-DATE
> Task :core:modulestore:generateDebugRFile UP-TO-DATE
> Task :core:module-host:parseDebugLocalResources UP-TO-DATE
> Task :core:common:compileDebugLibraryResources UP-TO-DATE
> Task :core:common:checkKotlinGradlePluginConfigurationErrors SKIPPED
> Task :core:network:processDebugManifest UP-TO-DATE
> Task :module-store:feature:tools:tools:packageDebugResources UP-TO-DATE
> Task :core:modulestore:writeDebugAarMetadata UP-TO-DATE
> Task :core:network:compileDebugLibraryResources UP-TO-DATE
> Task :core:module-host:generateDebugRFile UP-TO-DATE
> Task :core:modulestore:extractDeepLinksDebug UP-TO-DATE
> Task :core:moduleloader:compileDebugShaders NO-SOURCE
> Task :core:network:checkKotlinGradlePluginConfigurationErrors SKIPPED
> Task :core:moduleloader:generateDebugAssets UP-TO-DATE
> Task :module-store:feature:tools:browser:processDebugMainManifest UP-TO-DATE
> Task :module-store:feature:games:games:chinesechess:parseDebugLocalResources UP-TO-DATE
> Task :core:module-host:writeDebugAarMetadata UP-TO-DATE
> Task :module-store:feature:games:games:chinesechess:createDebugCompatibleScreenManifests UP-TO-DATE
> Task :module-store:feature:tools:browser:processDebugManifest UP-TO-DATE
> Task :core:module-host:extractDeepLinksDebug UP-TO-DATE
> Task :core:moduleloader:mergeDebugAssets UP-TO-DATE
> Task :core:modulestore:processDebugManifest UP-TO-DATE
> Task :module-store:feature:games:games:klotski:parseDebugLocalResources UP-TO-DATE
> Task :module-store:feature:games:games:chinesechess:extractDeepLinksDebug UP-TO-DATE
> Task :core:moduleloader:mergeDebugJniLibFolders UP-TO-DATE
> Task :module-store:feature:tools:browser:processDebugManifestForPackage UP-TO-DATE
> Task :core:network:generateDebugBuildConfig UP-TO-DATE
> Task :core:modulestore:compileDebugLibraryResources UP-TO-DATE
> Task :module-store:feature:games:games:klotski:createDebugCompatibleScreenManifests UP-TO-DATE
> Task :core:modulestore:checkKotlinGradlePluginConfigurationErrors SKIPPED
> Task :core:module-host:processDebugManifest UP-TO-DATE
> Task :core:moduleloader:mergeDebugNativeLibs NO-SOURCE
> Task :core:modulestore:javaPreCompileDebug UP-TO-DATE
> Task :core:module-host:compileDebugLibraryResources UP-TO-DATE
> Task :module-store:feature:games:games:chinesechess:processDebugMainManifest UP-TO-DATE
> Task :module-store:feature:games:games:klotski:extractDeepLinksDebug UP-TO-DATE
> Task :core:module-host:checkKotlinGradlePluginConfigurationErrors SKIPPED
> Task :core:modulestore:mergeDebugShaders UP-TO-DATE
> Task :module-store:feature:games:games:hall:parseDebugLocalResources UP-TO-DATE
> Task :core:moduleloader:copyDebugJniLibsProjectOnly UP-TO-DATE
> Task :core:modulestore:compileDebugShaders NO-SOURCE
> Task :module-store:feature:games:games:chinesechess:processDebugManifest UP-TO-DATE
> Task :core:modulestore:generateDebugAssets UP-TO-DATE
> Task :core:module-host:javaPreCompileDebug UP-TO-DATE
> Task :module-store:feature:tools:tools:parseDebugLocalResources UP-TO-DATE
> Task :module-store:feature:games:games:hall:createDebugCompatibleScreenManifests UP-TO-DATE
> Task :module-store:feature:games:games:chinesechess:processDebugManifestForPackage UP-TO-DATE
> Task :module-store:feature:games:games:klotski:processDebugMainManifest UP-TO-DATE
> Task :core:module-host:mergeDebugShaders UP-TO-DATE
> Task :core:module-host:compileDebugShaders NO-SOURCE
> Task :module-store:feature:tools:tools:createDebugCompatibleScreenManifests UP-TO-DATE
> Task :core:modulestore:mergeDebugAssets UP-TO-DATE
> Task :module-store:feature:games:games:hall:extractDeepLinksDebug UP-TO-DATE
> Task :core:module-host:generateDebugAssets UP-TO-DATE
> Task :module-store:feature:games:games:klotski:processDebugManifest UP-TO-DATE
> Task :module-store:feature:tools:tools:extractDeepLinksDebug UP-TO-DATE
> Task :core:modulestore:mergeDebugJniLibFolders UP-TO-DATE
> Task :module-store:feature:games:games:parseDebugLocalResources UP-TO-DATE
> Task :module-store:feature:games:games:klotski:processDebugManifestForPackage UP-TO-DATE
> Task :core:module-host:mergeDebugAssets UP-TO-DATE
> Task :module-store:feature:games:games:hall:processDebugMainManifest UP-TO-DATE
> Task :core:modulestore:mergeDebugNativeLibs NO-SOURCE
> Task :module-store:feature:tools:tools:processDebugMainManifest UP-TO-DATE
> Task :module-store:feature:games:games:generateDebugRFile UP-TO-DATE
> Task :core:module-host:mergeDebugJniLibFolders UP-TO-DATE
> Task :module-store:feature:tools:tools:processDebugManifest UP-TO-DATE
> Task :core:modulestore:copyDebugJniLibsProjectOnly UP-TO-DATE
> Task :module-store:feature:games:games:writeDebugAarMetadata UP-TO-DATE
> Task :module-store:feature:games:games:hall:processDebugManifest UP-TO-DATE
> Task :core:module-host:mergeDebugNativeLibs NO-SOURCE
> Task :module-store:feature:tools:tools:processDebugManifestForPackage UP-TO-DATE
> Task :module-store:feature:games:games:extractDeepLinksDebug UP-TO-DATE
> Task :core:module-host:copyDebugJniLibsProjectOnly UP-TO-DATE
> Task :module-store:feature:games:games:hall:processDebugManifestForPackage UP-TO-DATE
> Task :module-store:feature:tools:ai:parseDebugLocalResources UP-TO-DATE
> Task :module-store:feature:games:games:processDebugManifest UP-TO-DATE
> Task :module-store:feature:tools:ai:createDebugCompatibleScreenManifests UP-TO-DATE
> Task :module-store:feature:tools:ai:extractDeepLinksDebug UP-TO-DATE
> Task :core:update:parseDebugLocalResources UP-TO-DATE
> Task :module-store:feature:tools:ai:processDebugMainManifest UP-TO-DATE
> Task :core:update:generateDebugRFile UP-TO-DATE
> Task :module-store:feature:tools:ai:processDebugManifest UP-TO-DATE
> Task :core:update:writeDebugAarMetadata UP-TO-DATE
> Task :module-store:feature:games:games:game2048:parseDebugLocalResources UP-TO-DATE
> Task :module-store:feature:tools:ai:processDebugManifestForPackage UP-TO-DATE
> Task :module-store:feature:games:games:game2048:createDebugCompatibleScreenManifests UP-TO-DATE
> Task :core:update:extractDeepLinksDebug UP-TO-DATE
> Task :module-store:feature:games:games:compileDebugLibraryResources UP-TO-DATE
> Task :module-store:feature:games:games:game2048:extractDeepLinksDebug UP-TO-DATE
> Task :module-store:feature:games:games:checkKotlinGradlePluginConfigurationErrors SKIPPED
> Task :core:update:processDebugManifest UP-TO-DATE
> Task :core:update:compileDebugLibraryResources UP-TO-DATE
> Task :module-store:feature:games:games:game2048:processDebugMainManifest UP-TO-DATE
> Task :core:update:checkKotlinGradlePluginConfigurationErrors SKIPPED
> Task :module-store:feature:tools:vpn:parseDebugLocalResources UP-TO-DATE
> Task :module-store:feature:games:games:game2048:processDebugManifest UP-TO-DATE
> Task :module-store:feature:tools:vpn:createDebugCompatibleScreenManifests UP-TO-DATE
> Task :core:update:generateDebugBuildConfig UP-TO-DATE
> Task :module-store:feature:games:games:game2048:processDebugManifestForPackage UP-TO-DATE
> Task :module-store:feature:tools:vpn:extractDeepLinksDebug UP-TO-DATE
> Task :core:online:checkDebugAarMetadata UP-TO-DATE
> Task :module-store:feature:tools:vpn:processDebugMainManifest UP-TO-DATE
> Task :core:online:mergeDebugJniLibFolders UP-TO-DATE
> Task :module-store:feature:tools:vpn:processDebugManifest UP-TO-DATE
> Task :core:online:mergeDebugNativeLibs NO-SOURCE
> Task :module-store:feature:tools:vpn:processDebugManifestForPackage UP-TO-DATE
> Task :core:online:stripDebugDebugSymbols NO-SOURCE
> Task :core:online:copyDebugJniLibsProjectAndLocalJars UP-TO-DATE
> Task :core:online:checkKotlinGradlePluginConfigurationErrors SKIPPED
> Task :core:online:generateDebugResValues UP-TO-DATE
> Task :core:online:generateDebugResources UP-TO-DATE
> Task :core:online:processDebugNavigationResources UP-TO-DATE
> Task :core:module-host:checkDebugAarMetadata UP-TO-DATE
> Task :core:module-host:stripDebugDebugSymbols NO-SOURCE
> Task :core:online:extractDeepLinksForAarDebug UP-TO-DATE
> Task :core:module-host:copyDebugJniLibsProjectAndLocalJars UP-TO-DATE
> Task :core:online:mergeDebugShaders UP-TO-DATE
> Task :core:online:compileDebugShaders NO-SOURCE
> Task :core:module-host:extractDeepLinksForAarDebug UP-TO-DATE
> Task :core:online:generateDebugAssets UP-TO-DATE
> Task :core:module-host:prepareDebugArtProfile UP-TO-DATE
> Task :core:online:mergeDebugAssets UP-TO-DATE
> Task :core:module-host:prepareLintJarForPublish UP-TO-DATE
> Task :core:online:javaPreCompileDebug UP-TO-DATE
> Task :core:online:prepareDebugArtProfile UP-TO-DATE
> Task :core:online:prepareLintJarForPublish UP-TO-DATE
> Task :core:online:processDebugManifest UP-TO-DATE
> Task :core:online:writeDebugAarMetadata UP-TO-DATE
> Task :core:network:javaPreCompileDebug UP-TO-DATE
> Task :core:network:mergeDebugShaders UP-TO-DATE
> Task :core:network:compileDebugShaders NO-SOURCE
> Task :core:network:generateDebugAssets UP-TO-DATE
> Task :core:update:javaPreCompileDebug UP-TO-DATE
> Task :core:network:mergeDebugAssets UP-TO-DATE
> Task :core:update:mergeDebugShaders UP-TO-DATE
> Task :core:network:mergeDebugJniLibFolders UP-TO-DATE
> Task :core:update:compileDebugShaders NO-SOURCE
> Task :core:update:generateDebugAssets UP-TO-DATE
> Task :core:network:mergeDebugNativeLibs NO-SOURCE
> Task :module-store:feature:games:games:javaPreCompileDebug UP-TO-DATE
> Task :core:network:copyDebugJniLibsProjectOnly UP-TO-DATE
> Task :core:update:mergeDebugAssets UP-TO-DATE
> Task :module-store:feature:games:games:mergeDebugShaders UP-TO-DATE
> Task :core:update:mergeDebugJniLibFolders UP-TO-DATE
> Task :module-store:feature:games:games:compileDebugShaders NO-SOURCE
> Task :core:update:mergeDebugNativeLibs NO-SOURCE
> Task :module-store:feature:games:games:generateDebugAssets UP-TO-DATE
> Task :core:update:copyDebugJniLibsProjectOnly UP-TO-DATE
> Task :module-store:feature:games:games:mergeDebugAssets UP-TO-DATE
> Task :module-store:feature:games:games:mergeDebugJniLibFolders UP-TO-DATE
> Task :module-store:feature:games:games:mergeDebugNativeLibs NO-SOURCE
> Task :module-store:feature:games:games:copyDebugJniLibsProjectOnly UP-TO-DATE
> Task :core:network:checkDebugAarMetadata UP-TO-DATE
> Task :core:moduleloader:checkDebugAarMetadata UP-TO-DATE
> Task :core:modulestore:checkDebugAarMetadata UP-TO-DATE
> Task :core:moduleloader:stripDebugDebugSymbols NO-SOURCE
> Task :core:network:stripDebugDebugSymbols NO-SOURCE
> Task :core:modulestore:stripDebugDebugSymbols NO-SOURCE
> Task :core:moduleloader:copyDebugJniLibsProjectAndLocalJars UP-TO-DATE
> Task :core:network:copyDebugJniLibsProjectAndLocalJars UP-TO-DATE
> Task :core:modulestore:copyDebugJniLibsProjectAndLocalJars UP-TO-DATE
> Task :core:network:extractDeepLinksForAarDebug UP-TO-DATE
> Task :core:moduleloader:extractDeepLinksForAarDebug UP-TO-DATE
> Task :core:modulestore:extractDeepLinksForAarDebug UP-TO-DATE
> Task :core:network:prepareDebugArtProfile UP-TO-DATE
> Task :core:moduleloader:prepareDebugArtProfile UP-TO-DATE
> Task :core:modulestore:prepareDebugArtProfile UP-TO-DATE
> Task :core:network:prepareLintJarForPublish UP-TO-DATE
> Task :core:moduleloader:prepareLintJarForPublish UP-TO-DATE
> Task :core:modulestore:prepareLintJarForPublish UP-TO-DATE
> Task :module-store:feature:tools:browser:processDebugResources UP-TO-DATE
> Task :module-store:feature:games:games:hall:processDebugResources UP-TO-DATE
> Task :module-store:feature:tools:browser:javaPreCompileDebug UP-TO-DATE
> Task :module-store:feature:games:games:hall:javaPreCompileDebug UP-TO-DATE
> Task :module-store:feature:games:games:game2048:processDebugResources UP-TO-DATE
> Task :module-store:feature:games:games:klotski:processDebugResources UP-TO-DATE
> Task :module-store:feature:tools:browser:mergeDebugShaders UP-TO-DATE
> Task :module-store:feature:games:games:hall:mergeDebugShaders UP-TO-DATE
> Task :module-store:feature:games:games:chinesechess:processDebugResources UP-TO-DATE
> Task :module-store:feature:games:games:klotski:mergeDebugShaders UP-TO-DATE
> Task :module-store:feature:games:games:game2048:mergeDebugShaders UP-TO-DATE
> Task :core:online:packageDebugResources UP-TO-DATE
> Task :module-store:feature:tools:browser:compileDebugShaders NO-SOURCE
> Task :module-store:feature:tools:browser:generateDebugAssets UP-TO-DATE
> Task :module-store:feature:games:games:hall:compileDebugShaders NO-SOURCE
> Task :module-store:feature:games:games:hall:generateDebugAssets UP-TO-DATE
> Task :module-store:feature:games:games:klotski:compileDebugShaders NO-SOURCE
> Task :module-store:feature:games:games:klotski:generateDebugAssets UP-TO-DATE
> Task :module-store:feature:games:games:game2048:compileDebugShaders NO-SOURCE
> Task :module-store:feature:games:games:game2048:generateDebugAssets UP-TO-DATE
> Task :module-store:feature:games:games:chinesechess:mergeDebugShaders UP-TO-DATE
> Task :module-store:feature:games:games:chinesechess:compileDebugShaders NO-SOURCE
> Task :module-store:feature:games:games:hall:mergeDebugAssets UP-TO-DATE
> Task :module-store:feature:games:games:klotski:mergeDebugAssets UP-TO-DATE
> Task :module-store:feature:tools:browser:mergeDebugAssets UP-TO-DATE
> Task :module-store:feature:games:games:game2048:mergeDebugAssets UP-TO-DATE
> Task :module-store:feature:tools:tools:processDebugResources UP-TO-DATE
> Task :module-store:feature:tools:vpn:processDebugResources UP-TO-DATE
> Task :module-store:feature:games:games:chinesechess:generateDebugAssets UP-TO-DATE
> Task :module-store:feature:games:games:hall:compressDebugAssets UP-TO-DATE
> Task :module-store:feature:tools:browser:compressDebugAssets UP-TO-DATE
> Task :module-store:feature:games:games:klotski:compressDebugAssets UP-TO-DATE
> Task :module-store:feature:games:games:game2048:compressDebugAssets UP-TO-DATE
> Task :core:online:parseDebugLocalResources UP-TO-DATE
> Task :module-store:feature:tools:vpn:javaPreCompileDebug UP-TO-DATE
> Task :module-store:feature:tools:tools:javaPreCompileDebug UP-TO-DATE
> Task :module-store:feature:games:games:chinesechess:mergeDebugAssets UP-TO-DATE
> Task :module-store:feature:games:games:hall:desugarDebugFileDependencies UP-TO-DATE
> Task :module-store:feature:tools:browser:desugarDebugFileDependencies UP-TO-DATE
> Task :module-store:feature:tools:vpn:mergeDebugShaders UP-TO-DATE
> Task :module-store:feature:games:games:klotski:desugarDebugFileDependencies UP-TO-DATE
> Task :module-store:feature:games:games:game2048:desugarDebugFileDependencies UP-TO-DATE
> Task :module-store:feature:tools:ai:processDebugResources UP-TO-DATE
> Task :module-store:feature:tools:tools:mergeDebugShaders UP-TO-DATE
> Task :core:online:generateDebugRFile UP-TO-DATE
> Task :module-store:feature:games:games:chinesechess:compressDebugAssets UP-TO-DATE
> Task :module-store:feature:tools:vpn:compileDebugShaders NO-SOURCE
> Task :module-store:feature:tools:tools:compileDebugShaders NO-SOURCE
> Task :module-store:feature:tools:vpn:generateDebugAssets UP-TO-DATE
> Task :module-store:feature:games:games:klotski:processDebugJavaRes NO-SOURCE
> Task :module-store:feature:games:games:game2048:processDebugJavaRes NO-SOURCE
> Task :module-store:feature:tools:ai:javaPreCompileDebug UP-TO-DATE
> Task :module-store:feature:tools:tools:generateDebugAssets UP-TO-DATE
> Task :module-store:feature:tools:vpn:mergeDebugAssets UP-TO-DATE
> Task :module-store:feature:games:games:chinesechess:desugarDebugFileDependencies UP-TO-DATE
> Task :module-store:feature:tools:tools:mergeDebugAssets UP-TO-DATE
> Task :module-store:feature:games:games:klotski:mergeDebugJavaResource UP-TO-DATE
> Task :module-store:feature:tools:ai:mergeDebugShaders UP-TO-DATE
> Task :module-store:feature:games:games:game2048:mergeDebugJavaResource UP-TO-DATE
> Task :module-store:feature:games:games:chinesechess:processDebugJavaRes NO-SOURCE
> Task :module-store:feature:tools:ai:compileDebugShaders NO-SOURCE
> Task :module-store:feature:tools:browser:checkDebugDuplicateClasses UP-TO-DATE
> Task :module-store:feature:games:games:klotski:checkDebugDuplicateClasses UP-TO-DATE
> Task :module-store:feature:tools:tools:compressDebugAssets UP-TO-DATE
> Task :module-store:feature:tools:vpn:compressDebugAssets UP-TO-DATE
> Task :module-store:feature:games:games:game2048:checkDebugDuplicateClasses UP-TO-DATE
> Task :module-store:feature:games:games:hall:checkDebugDuplicateClasses UP-TO-DATE
> Task :module-store:feature:games:games:chinesechess:mergeDebugJavaResource UP-TO-DATE
> Task :module-store:feature:tools:ai:generateDebugAssets UP-TO-DATE
> Task :module-store:feature:tools:tools:desugarDebugFileDependencies UP-TO-DATE
> Task :module-store:feature:games:games:chinesechess:checkDebugDuplicateClasses UP-TO-DATE
> Task :module-store:feature:games:games:game2048:mergeExtDexDebug UP-TO-DATE
> Task :module-store:feature:tools:vpn:desugarDebugFileDependencies UP-TO-DATE
> Task :module-store:feature:tools:tools:checkDebugDuplicateClasses UP-TO-DATE
> Task :module-store:feature:tools:ai:mergeDebugAssets UP-TO-DATE
> Task :module-store:feature:games:games:chinesechess:mergeExtDexDebug UP-TO-DATE
> Task :module-store:feature:tools:vpn:checkDebugDuplicateClasses UP-TO-DATE
> Task :module-store:feature:games:games:klotski:mergeExtDexDebug UP-TO-DATE
> Task :module-store:feature:games:games:game2048:mergeLibDexDebug UP-TO-DATE
> Task :core:online:compileDebugKotlin NO-SOURCE
> Task :module-store:feature:tools:ai:compressDebugAssets UP-TO-DATE
> Task :module-store:feature:games:games:game2048:mergeDebugJniLibFolders UP-TO-DATE
> Task :module-store:feature:games:games:klotski:mergeLibDexDebug UP-TO-DATE
> Task :module-store:feature:games:games:chinesechess:mergeLibDexDebug UP-TO-DATE
> Task :module-store:feature:tools:ai:desugarDebugFileDependencies UP-TO-DATE
> Task :module-store:feature:games:games:game2048:mergeDebugNativeLibs NO-SOURCE
> Task :module-store:feature:games:games:chinesechess:mergeDebugJniLibFolders UP-TO-DATE
> Task :module-store:feature:tools:ai:checkDebugDuplicateClasses UP-TO-DATE
> Task :module-store:feature:games:games:game2048:stripDebugDebugSymbols NO-SOURCE
> Task :module-store:feature:games:games:chinesechess:mergeDebugNativeLibs NO-SOURCE
> Task :module-store:feature:games:games:klotski:mergeDebugJniLibFolders UP-TO-DATE
> Task :module-store:feature:games:games:game2048:validateSigningDebug UP-TO-DATE
> Task :module-store:feature:games:games:chinesechess:stripDebugDebugSymbols NO-SOURCE
> Task :module-store:feature:games:games:klotski:mergeDebugNativeLibs NO-SOURCE
> Task :module-store:feature:games:games:game2048:writeDebugAppMetadata UP-TO-DATE
> Task :module-store:feature:games:games:game2048:writeDebugSigningConfigVersions UP-TO-DATE
> Task :module-store:feature:games:games:klotski:stripDebugDebugSymbols NO-SOURCE
> Task :module-store:feature:games:games:klotski:validateSigningDebug UP-TO-DATE
> Task :module-store:feature:tools:ai:mergeExtDexDebug UP-TO-DATE
> Task :module-store:feature:games:games:klotski:writeDebugAppMetadata UP-TO-DATE
> Task :module-store:feature:games:games:klotski:writeDebugSigningConfigVersions UP-TO-DATE
> Task :module-store:feature:games:games:chinesechess:validateSigningDebug UP-TO-DATE
> Task :module-store:feature:tools:ai:mergeLibDexDebug UP-TO-DATE
> Task :module-store:feature:games:games:chinesechess:writeDebugAppMetadata UP-TO-DATE
> Task :module-store:feature:tools:ai:mergeDebugJniLibFolders UP-TO-DATE
> Task :module-store:feature:games:games:chinesechess:writeDebugSigningConfigVersions UP-TO-DATE
> Task :module-store:feature:tools:ai:mergeDebugNativeLibs NO-SOURCE
> Task :module-store:feature:tools:ai:stripDebugDebugSymbols NO-SOURCE
> Task :module-store:feature:tools:ai:validateSigningDebug UP-TO-DATE
> Task :module-store:feature:games:games:hall:mergeExtDexDebug UP-TO-DATE
> Task :module-store:feature:tools:ai:writeDebugAppMetadata UP-TO-DATE
> Task :module-store:feature:tools:ai:writeDebugSigningConfigVersions UP-TO-DATE
> Task :module-store:feature:games:games:hall:mergeLibDexDebug UP-TO-DATE
> Task :module-store:feature:games:games:hall:mergeDebugJniLibFolders UP-TO-DATE
> Task :module-store:feature:games:games:hall:mergeDebugNativeLibs NO-SOURCE
> Task :module-store:feature:games:games:hall:stripDebugDebugSymbols NO-SOURCE
> Task :module-store:feature:games:games:hall:validateSigningDebug UP-TO-DATE
> Task :module-store:feature:games:games:hall:writeDebugAppMetadata UP-TO-DATE
> Task :module-store:feature:games:games:hall:writeDebugSigningConfigVersions UP-TO-DATE
> Task :module-store:feature:tools:tools:mergeExtDexDebug UP-TO-DATE
> Task :module-store:feature:tools:tools:mergeLibDexDebug UP-TO-DATE
> Task :module-store:feature:tools:vpn:mergeExtDexDebug UP-TO-DATE
> Task :module-store:feature:tools:tools:mergeDebugJniLibFolders UP-TO-DATE
> Task :module-store:feature:tools:browser:mergeExtDexDebug UP-TO-DATE
> Task :module-store:feature:tools:vpn:mergeLibDexDebug UP-TO-DATE
> Task :module-store:feature:tools:tools:mergeDebugNativeLibs NO-SOURCE
> Task :module-store:feature:tools:vpn:mergeDebugJniLibFolders UP-TO-DATE
> Task :module-store:feature:tools:tools:stripDebugDebugSymbols NO-SOURCE
> Task :module-store:feature:tools:vpn:mergeDebugNativeLibs NO-SOURCE
> Task :module-store:feature:tools:vpn:stripDebugDebugSymbols NO-SOURCE
> Task :core:security:compileDebugKotlin UP-TO-DATE
> Task :module-store:feature:tools:tools:validateSigningDebug UP-TO-DATE
> Task :module-store:feature:tools:browser:mergeLibDexDebug UP-TO-DATE
> Task :module-store:feature:tools:vpn:validateSigningDebug UP-TO-DATE
> Task :module-store:feature:tools:vpn:writeDebugAppMetadata UP-TO-DATE
> Task :core:security:javaPreCompileDebug UP-TO-DATE
> Task :core:security:compileDebugJavaWithJavac NO-SOURCE
> Task :module-store:feature:tools:tools:writeDebugAppMetadata UP-TO-DATE
> Task :module-store:feature:tools:vpn:writeDebugSigningConfigVersions UP-TO-DATE
> Task :core:security:bundleLibCompileToJarDebug UP-TO-DATE
> Task :module-store:feature:tools:tools:writeDebugSigningConfigVersions UP-TO-DATE
> Task :core:security:mergeDebugShaders UP-TO-DATE
> Task :core:security:compileDebugShaders NO-SOURCE
> Task :core:security:generateDebugAssets UP-TO-DATE
> Task :core:security:mergeDebugAssets UP-TO-DATE
> Task :core:security:bundleLibRuntimeToJarDebug UP-TO-DATE
> Task :core:security:processDebugJavaRes UP-TO-DATE
> Task :core:security:createFullJarDebug UP-TO-DATE
> Task :core:security:bundleLibRuntimeToDirDebug UP-TO-DATE
> Task :core:security:mergeDebugJniLibFolders UP-TO-DATE
> Task :core:security:mergeDebugNativeLibs NO-SOURCE
> Task :core:security:copyDebugJniLibsProjectOnly UP-TO-DATE
> Task :core:security:checkDebugAarMetadata UP-TO-DATE
> Task :core:security:stripDebugDebugSymbols NO-SOURCE
> Task :module-store:feature:tools:browser:mergeDebugJniLibFolders UP-TO-DATE
> Task :core:security:copyDebugJniLibsProjectAndLocalJars UP-TO-DATE
> Task :module-store:feature:tools:browser:mergeDebugNativeLibs NO-SOURCE
> Task :module-store:feature:tools:browser:stripDebugDebugSymbols NO-SOURCE
> Task :module-store:feature:tools:browser:validateSigningDebug UP-TO-DATE
> Task :module-store:feature:tools:browser:writeDebugAppMetadata UP-TO-DATE
> Task :module-store:feature:tools:browser:writeDebugSigningConfigVersions UP-TO-DATE
> Task :core:update:checkDebugAarMetadata UP-TO-DATE
> Task :module-store:feature:games:games:checkDebugAarMetadata UP-TO-DATE
> Task :core:update:stripDebugDebugSymbols NO-SOURCE
> Task :module-store:feature:games:games:stripDebugDebugSymbols NO-SOURCE
> Task :core:update:copyDebugJniLibsProjectAndLocalJars UP-TO-DATE
> Task :module-store:feature:games:games:copyDebugJniLibsProjectAndLocalJars UP-TO-DATE
> Task :core:update:extractDeepLinksForAarDebug UP-TO-DATE
> Task :module-store:feature:games:games:extractDeepLinksForAarDebug UP-TO-DATE
> Task :core:module-host:compileDebugKotlin UP-TO-DATE
> Task :core:security:extractDebugAnnotations UP-TO-DATE
> Task :module-store:feature:games:games:prepareDebugArtProfile UP-TO-DATE
> Task :core:update:prepareDebugArtProfile UP-TO-DATE
> Task :core:module-host:compileDebugJavaWithJavac NO-SOURCE
> Task :core:online:extractDebugAnnotations UP-TO-DATE
> Task :core:security:extractDeepLinksForAarDebug UP-TO-DATE
> Task :module-store:feature:games:games:prepareLintJarForPublish UP-TO-DATE
> Task :core:update:prepareLintJarForPublish UP-TO-DATE
> Task :core:module-host:bundleLibCompileToJarDebug UP-TO-DATE
> Task :core:module-host:bundleLibRuntimeToJarDebug UP-TO-DATE
> Task :core:security:mergeDebugGeneratedProguardFiles UP-TO-DATE
> Task :core:security:mergeDebugConsumerProguardFiles UP-TO-DATE
> Task :core:module-host:processDebugJavaRes UP-TO-DATE
> Task :core:module-host:createFullJarDebug UP-TO-DATE
> Task :core:security:prepareDebugArtProfile UP-TO-DATE
> Task :core:security:prepareLintJarForPublish UP-TO-DATE
> Task :core:module-host:bundleLibRuntimeToDirDebug UP-TO-DATE
> Task :core:security:mergeDebugJavaResource UP-TO-DATE
> Task :core:security:syncDebugLibJars UP-TO-DATE
> Task :app:dataBindingMergeDependencyArtifactsDebug UP-TO-DATE
> Task :core:security:bundleDebugAar UP-TO-DATE
> Task :app:generateDebugResValues UP-TO-DATE
> Task :core:security:assembleDebug UP-TO-DATE
> Task :core:online:compileDebugJavaWithJavac UP-TO-DATE
> Task :core:online:mergeDebugGeneratedProguardFiles UP-TO-DATE
> Task :core:module-host:extractDebugAnnotations UP-TO-DATE
> Task :core:online:mergeDebugConsumerProguardFiles UP-TO-DATE
> Task :core:online:processDebugJavaRes NO-SOURCE
> Task :core:module-host:mergeDebugGeneratedProguardFiles UP-TO-DATE
> Task :core:module-host:mergeDebugConsumerProguardFiles UP-TO-DATE
> Task :core:online:mergeDebugJavaResource UP-TO-DATE
> Task :core:module-host:mergeDebugJavaResource UP-TO-DATE
> Task :core:online:syncDebugLibJars UP-TO-DATE
> Task :core:module-host:syncDebugLibJars UP-TO-DATE
> Task :core:online:bundleDebugAar UP-TO-DATE
> Task :core:online:assembleDebug UP-TO-DATE
> Task :core:module-host:bundleDebugAar UP-TO-DATE
> Task :core:module-host:assembleDebug UP-TO-DATE
> Task :app:generateDebugResources UP-TO-DATE
> Task :core:common:kspDebugKotlin UP-TO-DATE
> Task :core:common:compileDebugKotlin UP-TO-DATE
> Task :core:common:javaPreCompileDebug UP-TO-DATE
> Task :core:common:compileDebugJavaWithJavac UP-TO-DATE
> Task :core:common:bundleLibCompileToJarDebug UP-TO-DATE
> Task :core:moduleloader:compileDebugKotlin NO-SOURCE
> Task :core:moduleloader:compileDebugJavaWithJavac UP-TO-DATE
> Task :core:moduleloader:bundleLibCompileToJarDebug UP-TO-DATE
> Task :core:common:mergeDebugShaders UP-TO-DATE
> Task :core:moduleloader:bundleLibRuntimeToJarDebug UP-TO-DATE
> Task :core:common:compileDebugShaders NO-SOURCE
> Task :core:common:generateDebugAssets UP-TO-DATE
> Task :core:moduleloader:processDebugJavaRes NO-SOURCE
> Task :core:common:mergeDebugAssets UP-TO-DATE
> Task :core:moduleloader:createFullJarDebug UP-TO-DATE
> Task :app:mergeDebugResources UP-TO-DATE
> Task :core:common:bundleLibRuntimeToJarDebug UP-TO-DATE
> Task :core:moduleloader:bundleLibRuntimeToDirDebug UP-TO-DATE
> Task :core:common:processDebugJavaRes UP-TO-DATE
> Task :core:common:createFullJarDebug UP-TO-DATE
> Task :core:modulestore:compileDebugKotlin NO-SOURCE
> Task :core:moduleloader:extractDebugAnnotations UP-TO-DATE
> Task :core:moduleloader:mergeDebugGeneratedProguardFiles UP-TO-DATE
> Task :core:common:bundleLibRuntimeToDirDebug UP-TO-DATE
> Task :core:moduleloader:mergeDebugConsumerProguardFiles UP-TO-DATE
> Task :core:common:mergeDebugJniLibFolders UP-TO-DATE
> Task :core:common:mergeDebugNativeLibs NO-SOURCE
> Task :core:common:copyDebugJniLibsProjectOnly UP-TO-DATE
> Task :core:common:checkDebugAarMetadata UP-TO-DATE
> Task :core:common:stripDebugDebugSymbols NO-SOURCE
> Task :core:modulestore:compileDebugJavaWithJavac UP-TO-DATE
> Task :app:packageDebugResources UP-TO-DATE
> Task :core:common:copyDebugJniLibsProjectAndLocalJars UP-TO-DATE
> Task :core:modulestore:bundleLibCompileToJarDebug UP-TO-DATE
> Task :core:modulestore:bundleLibRuntimeToJarDebug UP-TO-DATE
> Task :core:moduleloader:mergeDebugJavaResource UP-TO-DATE
> Task :core:moduleloader:syncDebugLibJars UP-TO-DATE
> Task :core:modulestore:processDebugJavaRes NO-SOURCE
> Task :core:moduleloader:bundleDebugAar UP-TO-DATE
> Task :core:moduleloader:assembleDebug UP-TO-DATE
> Task :core:modulestore:createFullJarDebug UP-TO-DATE
> Task :core:modulestore:bundleLibRuntimeToDirDebug UP-TO-DATE
> Task :core:common:extractDebugAnnotations UP-TO-DATE
> Task :core:common:extractDeepLinksForAarDebug UP-TO-DATE
> Task :core:modulestore:extractDebugAnnotations UP-TO-DATE
> Task :core:modulestore:mergeDebugGeneratedProguardFiles UP-TO-DATE
> Task :core:common:mergeDebugGeneratedProguardFiles UP-TO-DATE
> Task :core:modulestore:mergeDebugConsumerProguardFiles UP-TO-DATE
> Task :core:common:mergeDebugConsumerProguardFiles UP-TO-DATE
> Task :core:common:prepareDebugArtProfile UP-TO-DATE
> Task :core:modulestore:mergeDebugJavaResource UP-TO-DATE
> Task :core:common:prepareLintJarForPublish UP-TO-DATE
> Task :core:common:mergeDebugJavaResource UP-TO-DATE
> Task :core:modulestore:syncDebugLibJars UP-TO-DATE
> Task :core:common:syncDebugLibJars UP-TO-DATE
> Task :core:modulestore:bundleDebugAar UP-TO-DATE
> Task :core:modulestore:assembleDebug UP-TO-DATE
> Task :core:common:bundleDebugAar UP-TO-DATE
> Task :core:common:assembleDebug UP-TO-DATE
> Task :app:processDebugNavigationResources UP-TO-DATE
> Task :app:parseDebugLocalResources UP-TO-DATE
> Task :module-store:feature:tools:vpn:compileDebugKotlin UP-TO-DATE
> Task :module-store:feature:tools:vpn:compileDebugJavaWithJavac NO-SOURCE
> Task :module-store:feature:tools:vpn:dexBuilderDebug UP-TO-DATE
> Task :module-store:feature:tools:vpn:mergeDebugGlobalSynthetics UP-TO-DATE
> Task :module-store:feature:tools:vpn:processDebugJavaRes UP-TO-DATE
> Task :module-store:feature:tools:vpn:mergeDebugJavaResource UP-TO-DATE
> Task :module-store:feature:tools:vpn:mergeProjectDexDebug UP-TO-DATE
> Task :core:network:kspDebugKotlin UP-TO-DATE
> Task :module-store:feature:tools:vpn:packageDebug UP-TO-DATE
> Task :module-store:feature:tools:vpn:createDebugApkListingFileRedirect UP-TO-DATE
> Task :module-store:feature:tools:vpn:assembleDebug UP-TO-DATE
> Task :core:network:compileDebugKotlin NO-SOURCE
> Task :app:dataBindingGenBaseClassesDebug UP-TO-DATE
> Task :app:generateDebugBuildConfig UP-TO-DATE
> Task :core:network:compileDebugJavaWithJavac UP-TO-DATE
> Task :core:network:bundleLibCompileToJarDebug UP-TO-DATE
> Task :core:network:bundleLibRuntimeToJarDebug UP-TO-DATE
> Task :core:network:processDebugJavaRes NO-SOURCE
> Task :core:network:createFullJarDebug UP-TO-DATE
> Task :app:checkDebugAarMetadata UP-TO-DATE
> Task :core:network:bundleLibRuntimeToDirDebug UP-TO-DATE
> Task :app:compileDebugNavigationResources UP-TO-DATE
> Task :app:mapDebugSourceSetPaths UP-TO-DATE
> Task :app:createDebugCompatibleScreenManifests UP-TO-DATE
> Task :app:extractDeepLinksDebug UP-TO-DATE
> Task :core:network:extractDebugAnnotations UP-TO-DATE
> Task :core:network:mergeDebugGeneratedProguardFiles UP-TO-DATE
> Task :core:network:mergeDebugConsumerProguardFiles UP-TO-DATE
> Task :core:network:mergeDebugJavaResource UP-TO-DATE
> Task :core:network:syncDebugLibJars UP-TO-DATE
> Task :core:network:bundleDebugAar UP-TO-DATE
> Task :core:network:assembleDebug UP-TO-DATE
> Task :app:processDebugMainManifest UP-TO-DATE
> Task :app:processDebugManifest UP-TO-DATE
> Task :app:processDebugManifestForPackage UP-TO-DATE
> Task :core:update:kspDebugKotlin UP-TO-DATE
> Task :app:processDebugResources UP-TO-DATE
> Task :core:update:compileDebugKotlin UP-TO-DATE
> Task :core:update:compileDebugJavaWithJavac UP-TO-DATE
> Task :core:update:bundleLibCompileToJarDebug UP-TO-DATE
> Task :core:update:bundleLibRuntimeToJarDebug UP-TO-DATE
> Task :core:update:processDebugJavaRes UP-TO-DATE
> Task :core:update:createFullJarDebug UP-TO-DATE
> Task :core:update:bundleLibRuntimeToDirDebug UP-TO-DATE
> Task :app:javaPreCompileDebug UP-TO-DATE
> Task :app:mergeDebugShaders UP-TO-DATE
> Task :app:compileDebugShaders NO-SOURCE
> Task :app:generateDebugAssets UP-TO-DATE
> Task :core:update:extractDebugAnnotations UP-TO-DATE
> Task :core:update:mergeDebugGeneratedProguardFiles UP-TO-DATE
> Task :core:update:mergeDebugConsumerProguardFiles UP-TO-DATE
> Task :core:update:mergeDebugJavaResource UP-TO-DATE
> Task :core:update:syncDebugLibJars UP-TO-DATE
> Task :core:update:bundleDebugAar UP-TO-DATE
> Task :core:update:assembleDebug UP-TO-DATE
> Task :app:mergeDebugAssets UP-TO-DATE
> Task :app:compressDebugAssets UP-TO-DATE
> Task :app:desugarDebugFileDependencies UP-TO-DATE
> Task :module-store:feature:games:games:kspDebugKotlin UP-TO-DATE
> Task :app:checkDebugDuplicateClasses UP-TO-DATE
> Task :module-store:feature:games:games:compileDebugKotlin UP-TO-DATE
> Task :app:mergeExtDexDebug UP-TO-DATE
> Task :app:mergeDebugJniLibFolders UP-TO-DATE
> Task :module-store:feature:games:games:compileDebugJavaWithJavac UP-TO-DATE
> Task :module-store:feature:games:games:bundleLibCompileToJarDebug UP-TO-DATE
> Task :module-store:feature:games:games:bundleLibRuntimeToJarDebug UP-TO-DATE
> Task :module-store:feature:games:games:processDebugJavaRes UP-TO-DATE
> Task :module-store:feature:games:games:createFullJarDebug UP-TO-DATE
> Task :module-store:feature:games:games:game2048:compileDebugJavaWithJavac UP-TO-DATE
> Task :app:mergeDebugNativeLibs UP-TO-DATE
> Task :module-store:feature:games:games:game2048:dexBuilderDebug UP-TO-DATE
> Task :module-store:feature:games:games:game2048:mergeDebugGlobalSynthetics UP-TO-DATE
> Task :module-store:feature:games:games:bundleLibRuntimeToDirDebug UP-TO-DATE
> Task :module-store:feature:games:games:game2048:mergeProjectDexDebug UP-TO-DATE
> Task :module-store:feature:games:games:game2048:packageDebug UP-TO-DATE
> Task :module-store:feature:games:games:game2048:createDebugApkListingFileRedirect UP-TO-DATE
> Task :module-store:feature:games:games:game2048:assembleDebug UP-TO-DATE
> Task :module-store:feature:games:games:extractDebugAnnotations UP-TO-DATE
> Task :module-store:feature:games:games:mergeDebugGeneratedProguardFiles UP-TO-DATE
> Task :module-store:feature:games:games:mergeDebugConsumerProguardFiles UP-TO-DATE
> Task :module-store:feature:games:games:mergeDebugJavaResource UP-TO-DATE
> Task :module-store:feature:games:games:syncDebugLibJars UP-TO-DATE
> Task :module-store:feature:games:games:bundleDebugAar UP-TO-DATE
> Task :module-store:feature:games:games:assembleDebug UP-TO-DATE
> Task :app:kaptGenerateStubsDebugKotlin UP-TO-DATE
> Task :app:kaptDebugKotlin UP-TO-DATE
> Task :app:compileDebugKotlin UP-TO-DATE

> Task :app:compileDebugJavaWithJavac
gradlew.bat : D:\kaifa\GameCenterApp\app\src\main\java\com\gamecenter\app\App.j
ava:103: 閿欒: 鏃犳硶浠庨潤鎬佷笂涓嬫枃涓紩鐢ㄩ潪闈欐€?鏂规硶 setHosts(String,String)
所在位置 行:1 字符: 65
+ ... d Studio\jbr"; & .\gradlew.bat assembleDebug --no-daemon 2>&1 | Out-F ...
+                    ~~~~~~~~~~~~~~~~~~~~~~~~~~~~~~~~~~~~~~~~~~~~~~
    + CategoryInfo          : NotSpecified: (D:\kaifa\GameCe...(String,String) 
   :String) [], RemoteException
    + FullyQualifiedErrorId : NativeCommandError
 
        SecureOkHttpFactory.setHosts(BuildConfig.MODULE_HOST, BuildConfig.MODUL
E_FALLBACK_HOST);
                           ^
D:\kaifa\GameCenterApp\app\src\main\java\com\gamecenter\app\modules\ModuleDepen
dencyDownloader.java:49: 閿欒: 鎵句笉鍒扮鍙?        this.resolver = new ModuleDepende
ncyResolver(moduleManager.getManifests());
                                                                  ^
  绗﹀彿:   鏂规硶 getManifests()
  浣嶇疆: 绫诲瀷涓篗oduleManager鐨勫彉閲?moduleManager
D:\kaifa\GameCenterApp\app\src\main\java\com\gamecenter\app\modules\ModuleDepen
dencyDownloader.java:73: 閿欒: 鎵句笉鍒扮鍙?            resolver = new ModuleDependen
cyResolver(moduleManager.getManifests());
                                                                 ^
  绗﹀彿:   鏂规硶 getManifests()
  浣嶇疆: 绫诲瀷涓篗oduleManager鐨勫彉閲?moduleManager
娉? 鏌愪簺杈撳叆鏂囦欢浣跨敤鎴栬鐩栦簡宸茶繃鏃剁殑 API銆?
娉? 鏈夊叧璇︾粏淇℃伅, 璇蜂娇鐢?-Xlint:deprecation 閲嶆柊缂栬瘧銆?
3 涓敊璇?

> Task :app:compileDebugJavaWithJavac FAILED

[Incubating] Problems report is available at: file:///D:/kaifa/GameCenterApp/build/reports/problems/problems-report.html

FAILURE: Build failed with an exception.

* What went wrong:
Execution failed for task ':app:compileDebugJavaWithJavac'.
> Compilation failed; see the compiler output below.
  D:\kaifa\GameCenterApp\app\src\main\java\com\gamecenter\app\App.java:103: 閿欒
: 鏃犳硶浠庨潤鎬佷笂涓嬫枃涓紩鐢ㄩ潪闈欐€?鏂规硶 setHosts(String,String)
          SecureOkHttpFactory.setHosts(BuildConfig.MODULE_HOST, BuildConfig.MOD
ULE_FALLBACK_HOST);
                             ^
  D:\kaifa\GameCenterApp\app\src\main\java\com\gamecenter\app\modules\ModuleDep
endencyDownloader.java:49: 閿欒: 鎵句笉鍒扮鍙?          this.resolver = new ModuleDep
endencyResolver(moduleManager.getManifests());
                                                                    ^
    绗﹀彿:   鏂规硶 getManifests()
    浣嶇疆: 绫诲瀷涓篗oduleManager鐨勫彉閲?moduleManager
  D:\kaifa\GameCenterApp\app\src\main\java\com\gamecenter\app\modules\ModuleDep
endencyDownloader.java:73: 閿欒: 鎵句笉鍒扮鍙?              resolver = new ModuleDepe
ndencyResolver(moduleManager.getManifests());
                                                                   ^
    绗﹀彿:   鏂规硶 getManifests()
    浣嶇疆: 绫诲瀷涓篗oduleManager鐨勫彉閲?moduleManager
  娉? 鏌愪簺杈撳叆鏂囦欢浣跨敤鎴栬鐩栦簡宸茶繃鏃剁殑 API銆?
  娉? 鏈夊叧璇︾粏淇℃伅, 璇蜂娇鐢?-Xlint:deprecation 閲嶆柊缂栬瘧銆?
  3 涓敊璇?

* Try:
> Check your code and dependencies to fix the compilation error(s)
> Run with --scan to get full insights.

Deprecated Gradle features were used in this build, making it incompatible with Gradle 9.0.

You can use '--warning-mode all' to show the individual deprecation warnings and determine if they come from your own scripts or plugins.

For more on this, please refer to https://docs.gradle.org/8.13/userguide/command_line_interface.html#sec:command_line_warnings in the Gradle documentation.

BUILD FAILED in 21s
551 actionable tasks: 1 executed, 550 up-to-date
